// Jest Snapshot v1, https://goo.gl/fbAQLP

exports[`searchStation 1`] = `
{
  "asFragment": [Function],
  "baseElement": <body>
    <div>
      <div
        class="flex flex-col"
      >
        <div
          class="flex flex-row items-center rounded-sm relative"
        >
          <input
            class="p-1 m-4 flex-1 focus:outline-0 rounded-md"
            placeholder="Search..."
            type="text"
            value=""
          />
          <div
            class="absolute right-4"
          >
            <svg
              aria-hidden="true"
              class="mr-1 header-search-key-slash"
              height="20"
              width="22"
              xmlns="http://www.w3.org/2000/svg"
            >
              <path
                d="M3.5.5h12c1.7 0 3 1.3 3 3v13c0 1.7-1.3 3-3 3h-12c-1.7 0-3-1.3-3-3v-13c0-1.7 1.3-3 3-3z"
                fill="none"
                opacity=".4"
                stroke="#979A9C"
              />
              <path
                d="M11.8 6L8 15.1h-.9L10.8 6h1z"
                fill="#979A9C"
              />
            </svg>
          </div>
        </div>
      </div>
    </div>
  </body>,
  "container": <div>
    <div
      class="flex flex-col"
    >
      <div
        class="flex flex-row items-center rounded-sm relative"
      >
        <input
          class="p-1 m-4 flex-1 focus:outline-0 rounded-md"
          placeholder="Search..."
          type="text"
          value=""
        />
        <div
          class="absolute right-4"
        >
          <svg
            aria-hidden="true"
            class="mr-1 header-search-key-slash"
            height="20"
            width="22"
            xmlns="http://www.w3.org/2000/svg"
          >
            <path
              d="M3.5.5h12c1.7 0 3 1.3 3 3v13c0 1.7-1.3 3-3 3h-12c-1.7 0-3-1.3-3-3v-13c0-1.7 1.3-3 3-3z"
              fill="none"
              opacity=".4"
              stroke="#979A9C"
            />
            <path
              d="M11.8 6L8 15.1h-.9L10.8 6h1z"
              fill="#979A9C"
            />
          </svg>
        </div>
      </div>
    </div>
  </div>,
  "debug": [Function],
  "findAllByAltText": [Function],
  "findAllByDisplayValue": [Function],
  "findAllByLabelText": [Function],
  "findAllByPlaceholderText": [Function],
  "findAllByRole": [Function],
  "findAllByTestId": [Function],
  "findAllByText": [Function],
  "findAllByTitle": [Function],
  "findByAltText": [Function],
  "findByDisplayValue": [Function],
  "findByLabelText": [Function],
  "findByPlaceholderText": [Function],
  "findByRole": [Function],
  "findByTestId": [Function],
  "findByText": [Function],
  "findByTitle": [Function],
  "getAllByAltText": [Function],
  "getAllByDisplayValue": [Function],
  "getAllByLabelText": [Function],
  "getAllByPlaceholderText": [Function],
  "getAllByRole": [Function],
  "getAllByTestId": [Function],
  "getAllByText": [Function],
  "getAllByTitle": [Function],
  "getByAltText": [Function],
  "getByDisplayValue": [Function],
  "getByLabelText": [Function],
  "getByPlaceholderText": [Function],
  "getByRole": [Function],
  "getByTestId": [Function],
  "getByText": [Function],
  "getByTitle": [Function],
  "queryAllByAltText": [Function],
  "queryAllByDisplayValue": [Function],
  "queryAllByLabelText": [Function],
  "queryAllByPlaceholderText": [Function],
  "queryAllByRole": [Function],
  "queryAllByTestId": [Function],
  "queryAllByText": [Function],
  "queryAllByTitle": [Function],
  "queryByAltText": [Function],
  "queryByDisplayValue": [Function],
  "queryByLabelText": [Function],
  "queryByPlaceholderText": [Function],
  "queryByRole": [Function],
  "queryByTestId": [Function],
  "queryByText": [Function],
  "queryByTitle": [Function],
  "rerender": [Function],
  "unmount": [Function],
}
`;
